go : # github.com/agbr
uneau/PubSub/internal/
tracker [github.com/ag
bruneau/PubSub/interna
l/tracker.test]
Au caractère Ligne:1 
: 1
+ go test -v 
./internal/tracker 
2>&1 | Out-File 
-Encoding utf8 
test_out ...
+ ~~~~~~~~~~~~~~~~~~~~
~~~~~~~~~~~~~~
    + CategoryInfo    
          : NotSpeci  
  fied: (# github.c   
 om/ag...l/tracker    
.test]:String) []    
, RemoteException
    + FullyQualifiedE 
   rrorId : NativeCo  
  mmandError
 
internal\tracker\inter
faces.go:20:53: 
undefined: 
kafka.RebalanceCb
internal\tracker\inter
faces.go:31:45: 
undefined: 
kafka.Message
internal\tracker\inter
faces.go:42:18: 
undefined: 
kafka.Consumer
internal\tracker\inter
faces.go:52:46: 
undefined: 
kafka.Consumer
internal\tracker\inter
faces.go:64:83: 
undefined: 
kafka.RebalanceCb
internal\tracker\inter
faces.go:76:75: 
undefined: 
kafka.Message
internal\tracker\track
er.go:105:21: 
undefined: 
kafka.Consumer
internal\tracker\track
er.go:270:45: 
undefined: 
kafka.Message
internal\tracker\logge
r.go:98:38: 
undefined: 
kafka.Message
internal\tracker\mock_
consumer_test.go:15:80
: undefined: 
kafka.RebalanceCb
internal\tracker\mock_
consumer_test.go:15:80
: too many errors
FAIL	github.com/agbruneau/PubSub/internal/tracker [build failed]
FAIL
